I'm sorry, but errors were detected in your script. Please correct the
errors listed below, and try again.


File "game/minigames.rpy", line 23: expected a keyword argument or end of line.
    child "Sound On with Notes 10-15-22.png")
                                            ^

Ren'Py Version: Ren'Py 8.0.3.22090809
Tue Nov  1 12:58:23 2022
